// Jest Snapshot v1, https://goo.gl/fbAQLP

exports[`Tests on CounterApp component should show correctly 1`] = `
<div>
  <h1>
    Marvel Screen
  </h1>
  <HeroList
    publisher="Marvel Comics"
  />
</div>
`;
